[    0.000000] Linux version 4.15.0-50-generic (buildd@lcy01-amd64-013) (gcc version 7.3.0 (Ubuntu 7.3.0-16ubuntu3)) #54-Ubuntu SMP Mon May 6 18:46:08 UTC 2019 (Ubuntu 4.15.0-50.54-generic 4.15.18)
[    0.000000] Command line: BOOT_IMAGE=/boot/vmlinuz-4.15.0-50-generic root=LABEL=cloudimg-rootfs ro console=tty1 console=ttyS0
[    0.000000] KERNEL supported cpus:
[    0.000000]   Intel GenuineIntel
[    0.000000]   AMD AuthenticAMD
[    0.000000]   Centaur CentaurHauls
[    0.000000] x86/fpu: Supporting XSAVE feature 0x001: 'x87 floating point registers'
[    0.000000] x86/fpu: Supporting XSAVE feature 0x002: 'SSE registers'
[    0.000000] x86/fpu: Supporting XSAVE feature 0x004: 'AVX registers'
[    0.000000] x86/fpu: xstate_offset[2]:  576, xstate_sizes[2]:  256
[    0.000000] x86/fpu: Enabled xstate features 0x7, context size is 832 bytes, using 'standard' format.
[    0.000000] e820: BIOS-provided physical RAM map:
[    0.000000] BIOS-e820: [mem 0x0000000000000000-0x000000000009fbff] usable
[    0.000000] BIOS-e820: [mem 0x000000000009fc00-0x000000000009ffff] reserved
[    0.000000] BIOS-e820: [mem 0x00000000000f0000-0x00000000000fffff] reserved
[    0.000000] BIOS-e820: [mem 0x0000000000100000-0x000000003ffeffff] usable
[    0.000000] BIOS-e820: [mem 0x000000003fff0000-0x000000003fffffff] ACPI data
[    0.000000] BIOS-e820: [mem 0x00000000fec00000-0x00000000fec00fff] reserved
[    0.000000] BIOS-e820: [mem 0x00000000fee00000-0x00000000fee00fff] reserved
[    0.000000] BIOS-e820: [mem 0x00000000fffc0000-0x00000000ffffffff] reserved
[    0.000000] NX (Execute Disable) protection: active
[    0.000000] SMBIOS 2.5 present.
[    0.000000] DMI: innotek GmbH VirtualBox/VirtualBox, BIOS VirtualBox 12/01/2006
[    0.000000] Hypervisor detected: KVM
[    0.000000] e820: last_pfn = 0x3fff0 max_arch_pfn = 0x400000000
[    0.000000] MTRR: Disabled
[    0.000000] x86/PAT: MTRRs disabled, skipping PAT initialization too.
[    0.000000] CPU MTRRs all blank - virtualized system.
[    0.000000] x86/PAT: Configuration [0-7]: WB  WT  UC- UC  WB  WT  UC- UC  
[    0.000000] found SMP MP-table at [mem 0x0009fff0-0x0009ffff] mapped at [        (ptrval)]
[    0.000000] Scanning 1 areas for low memory corruption
[    0.000000] RAMDISK: [mem 0x35adb000-0x36d64fff]
[    0.000000] ACPI: Early table checksum verification disabled
[    0.000000] ACPI: RSDP 0x00000000000E0000 000024 (v02 VBOX  )
[    0.000000] ACPI: XSDT 0x000000003FFF0030 00003C (v01 VBOX   VBOXXSDT 00000001 ASL  00000061)
[    0.000000] ACPI: FACP 0x000000003FFF00F0 0000F4 (v04 VBOX   VBOXFACP 00000001 ASL  00000061)
[    0.000000] ACPI: DSDT 0x000000003FFF0470 0022EA (v02 VBOX   VBOXBIOS 00000002 INTL 20100528)
[    0.000000] ACPI: FACS 0x000000003FFF0200 000040
[    0.000000] ACPI: FACS 0x000000003FFF0200 000040
[    0.000000] ACPI: APIC 0x000000003FFF0240 00005C (v02 VBOX   VBOXAPIC 00000001 ASL  00000061)
[    0.000000] ACPI: SSDT 0x000000003FFF02A0 0001CC (v01 VBOX   VBOXCPUT 00000002 INTL 20100528)
[    0.000000] No NUMA configuration found
[    0.000000] Faking a node at [mem 0x0000000000000000-0x000000003ffeffff]
[    0.000000] NODE_DATA(0) allocated [mem 0x3ffc5000-0x3ffeffff]
[    0.000000] kvm-clock: cpu 0, msr 0:3ff44001, primary cpu clock
[    0.000000] kvm-clock: Using msrs 4b564d01 and 4b564d00
[    0.000000] kvm-clock: using sched offset of 4236317478 cycles
[    0.000000] clocksource: kvm-clock: mask: 0xffffffffffffffff max_cycles: 0x1cd42e4dffb, max_idle_ns: 881590591483 ns
[    0.000000] Zone ranges:
[    0.000000]   DMA      [mem 0x0000000000001000-0x0000000000ffffff]
[    0.000000]   DMA32    [mem 0x0000000001000000-0x000000003ffeffff]
[    0.000000]   Normal   empty
[    0.000000]   Device   empty
[    0.000000] Movable zone start for each node
[    0.000000] Early memory node ranges
[    0.000000]   node   0: [mem 0x0000000000001000-0x000000000009efff]
[    0.000000]   node   0: [mem 0x0000000000100000-0x000000003ffeffff]
[    0.000000] Reserved but unavailable: 114 pages
[    0.000000] Initmem setup node 0 [mem 0x0000000000001000-0x000000003ffeffff]
[    0.000000] ACPI: PM-Timer IO Port: 0x4008
[    0.000000] IOAPIC[0]: apic_id 2, version 32, address 0xfec00000, GSI 0-23
[    0.000000] ACPI: INT_SRC_OVR (bus 0 bus_irq 0 global_irq 2 dfl dfl)
[    0.000000] ACPI: INT_SRC_OVR (bus 0 bus_irq 9 global_irq 9 low level)
[    0.000000] Using ACPI (MADT) for SMP configuration information
[    0.000000] smpboot: Allowing 2 CPUs, 0 hotplug CPUs
[    0.000000] PM: Registered nosave memory: [mem 0x00000000-0x00000fff]
[    0.000000] PM: Registered nosave memory: [mem 0x0009f000-0x0009ffff]
[    0.000000] PM: Registered nosave memory: [mem 0x000a0000-0x000effff]
[    0.000000] PM: Registered nosave memory: [mem 0x000f0000-0x000fffff]
[    0.000000] e820: [mem 0x40000000-0xfebfffff] available for PCI devices
[    0.000000] Booting paravirtualized kernel on KVM
[    0.000000] clocksource: refined-jiffies: mask: 0xffffffff max_cycles: 0xffffffff, max_idle_ns: 7645519600211568 ns
[    0.000000] random: get_random_bytes called from start_kernel+0x99/0x4fd with crng_init=0
[    0.000000] setup_percpu: NR_CPUS:8192 nr_cpumask_bits:2 nr_cpu_ids:2 nr_node_ids:1
[    0.000000] percpu: Embedded 46 pages/cpu @        (ptrval) s151552 r8192 d28672 u1048576
[    0.000000] PV qspinlock hash table entries: 256 (order: 0, 4096 bytes)
[    0.000000] Built 1 zonelists, mobility grouping on.  Total pages: 257913
[    0.000000] Policy zone: DMA32
[    0.000000] Kernel command line: BOOT_IMAGE=/boot/vmlinuz-4.15.0-50-generic root=LABEL=cloudimg-rootfs ro console=tty1 console=ttyS0
[    0.000000] Memory: 983592K/1048120K available (12300K kernel code, 2474K rwdata, 4276K rodata, 2412K init, 2416K bss, 64528K reserved, 0K cma-reserved)
[    0.000000] SLUB: HWalign=64, Order=0-3, MinObjects=0, CPUs=2, Nodes=1
[    0.000000] Kernel/User page tables isolation: enabled
[    0.000000] ftrace: allocating 39233 entries in 154 pages
[    0.004000] Hierarchical RCU implementation.
[    0.004000] 	RCU restricting CPUs from NR_CPUS=8192 to nr_cpu_ids=2.
[    0.004000] 	Tasks RCU enabled.
[    0.004000] RCU: Adjusting geometry for rcu_fanout_leaf=16, nr_cpu_ids=2
[    0.004000] NR_IRQS: 524544, nr_irqs: 440, preallocated irqs: 16
[    0.004000] Console: colour VGA+ 80x25
[    0.004000] console [tty1] enabled
[    0.004000] console [ttyS0] enabled
[    0.004000] ACPI: Core revision 20170831
[    0.004000] ACPI: 2 ACPI AML tables successfully acquired and loaded
[    0.004000] APIC: Switch to symmetric I/O mode setup
[    0.004000] x2apic enabled
[    0.004000] Switched APIC routing to physical x2apic.
[    0.005063] ..TIMER: vector=0x30 apic1=0 pin1=2 apic2=-1 pin2=-1
[    0.008003] tsc: Detected 2599.998 MHz processor
[    0.012013] Calibrating delay loop (skipped) preset value.. 5199.99 BogoMIPS (lpj=10399992)
[    0.014558] pid_max: default: 32768 minimum: 301
[    0.016052] Security Framework initialized
[    0.017383] Yama: becoming mindful.
[    0.018467] AppArmor: AppArmor initialized
[    0.021459] Dentry cache hash table entries: 131072 (order: 8, 1048576 bytes)
[    0.023047] Inode-cache hash table entries: 65536 (order: 7, 524288 bytes)
[    0.024018] Mount-cache hash table entries: 2048 (order: 2, 16384 bytes)
[    0.025799] Mountpoint-cache hash table entries: 2048 (order: 2, 16384 bytes)
[    0.028248] mce: CPU supports 0 MCE banks
[    0.029114] Last level iTLB entries: 4KB 1024, 2MB 1024, 4MB 1024
[    0.030378] Last level dTLB entries: 4KB 1024, 2MB 1024, 4MB 1024, 1GB 4
[    0.032003] Spectre V2 : Mitigation: Full generic retpoline
[    0.033113] Spectre V2 : Spectre v2 / SpectreRSB mitigation: Filling RSB on context switch
[    0.034719] Speculative Store Bypass: Vulnerable
[    0.036057] MDS: Mitigation: Clear CPU buffers
[    0.037216] Freeing SMP alternatives memory: 36K
[    0.040000] smpboot: CPU0: Intel(R) Core(TM) i5-4288U CPU @ 2.60GHz (family: 0x6, model: 0x45, stepping: 0x1)
[    0.040000] Performance Events: unsupported p6 CPU model 69 no PMU driver, software events only.
[    0.040040] Hierarchical SRCU implementation.
[    0.041652] NMI watchdog: Perf event create on CPU 0 failed with -2
[    0.042890] NMI watchdog: Perf NMI watchdog permanently disabled
[    0.044069] smp: Bringing up secondary CPUs ...
[    0.045836] x86: Booting SMP configuration:
[    0.048005] .... node  #0, CPUs:      #1
[    0.004000] kvm-clock: cpu 1, msr 0:3ff44041, secondary cpu clock
[    0.004000] mce: CPU supports 0 MCE banks
[    0.054905] smp: Brought up 1 node, 2 CPUs
[    0.054905] smpboot: Max logical packages: 1
[    0.056006] smpboot: Total of 2 processors activated (10399.99 BogoMIPS)
[    0.057446] devtmpfs: initialized
[    0.057446] x86/mm: Memory block size: 128MB
[    0.060139] evm: security.selinux
[    0.060858] evm: security.SMACK64
[    0.061649] evm: security.SMACK64EXEC
[    0.062402] evm: security.SMACK64TRANSMUTE
[    0.063271] evm: security.SMACK64MMAP
[    0.064004] evm: security.apparmor
[    0.065073] evm: security.ima
[    0.065978] evm: security.capability
[    0.067092] clocksource: jiffies: mask: 0xffffffff max_cycles: 0xffffffff, max_idle_ns: 7645041785100000 ns
[    0.068015] futex hash table entries: 512 (order: 3, 32768 bytes)
[    0.069671] pinctrl core: initialized pinctrl subsystem
[    0.072068] RTC time:  0:51:04, date: 02/05/20
[    0.073871] NET: Registered protocol family 16
[    0.076088] audit: initializing netlink subsys (disabled)
[    0.077285] audit: type=2000 audit(1580863869.880:1): state=initialized audit_enabled=0 res=1
[    0.080012] cpuidle: using governor ladder
[    0.080871] cpuidle: using governor menu
[    0.081744] ACPI: bus type PCI registered
[    0.082560] acpiphp: ACPI Hot Plug PCI Controller Driver version: 0.5
[    0.083982] PCI: Using configuration type 1 for base access
[    0.085185] HugeTLB registered 2.00 MiB page size, pre-allocated 0 pages
[    0.088155] ACPI: Added _OSI(Module Device)
[    0.092008] ACPI: Added _OSI(Processor Device)
[    0.093267] ACPI: Added _OSI(3.0 _SCP Extensions)
[    0.094545] ACPI: Added _OSI(Processor Aggregator Device)
[    0.096005] ACPI: Added _OSI(Linux-Dell-Video)
[    0.096894] ACPI: Added _OSI(Linux-Lenovo-NV-HDMI-Audio)
[    0.097937] ACPI: Added _OSI(Linux-HPI-Hybrid-Graphics)
[    0.100368] ACPI: Executed 1 blocks of module-level executable AML code
[    0.104804] ACPI: Interpreter enabled
[    0.105610] ACPI: (supports S0 S5)
[    0.106354] ACPI: Using IOAPIC for interrupt routing
[    0.108228] PCI: Using host bridge windows from ACPI; if necessary, use "pci=nocrs" and report a bug
[    0.110176] ACPI: Enabled 2 GPEs in block 00 to 07
[    0.117655] ACPI: PCI Root Bridge [PCI0] (domain 0000 [bus 00-ff])
[    0.119298] acpi PNP0A03:00: _OSC: OS supports [ASPM ClockPM Segments MSI]
[    0.120464] acpi PNP0A03:00: _OSC: not requesting OS control; OS requires [ExtendedConfig ASPM ClockPM MSI]
[    0.122340] acpi PNP0A03:00: fail to add MMCONFIG information, can't access extended PCI configuration space under this bridge.
[    0.124443] PCI host bridge to bus 0000:00
[    0.125375] pci_bus 0000:00: root bus resource [io  0x0000-0x0cf7 window]
[    0.128004] pci_bus 0000:00: root bus resource [io  0x0d00-0xffff window]
[    0.129338] pci_bus 0000:00: root bus resource [mem 0x000a0000-0x000bffff window]
[    0.130843] pci_bus 0000:00: root bus resource [mem 0x40000000-0xfdffffff window]
[    0.132004] pci_bus 0000:00: root bus resource [bus 00-ff]
[    0.137292] pci 0000:00:01.1: legacy IDE quirk: reg 0x10: [io  0x01f0-0x01f7]
[    0.138716] pci 0000:00:01.1: legacy IDE quirk: reg 0x14: [io  0x03f6]
[    0.140005] pci 0000:00:01.1: legacy IDE quirk: reg 0x18: [io  0x0170-0x0177]
[    0.142753] pci 0000:00:01.1: legacy IDE quirk: reg 0x1c: [io  0x0376]
[    0.168788] pci 0000:00:07.0: quirk: [io  0x4000-0x403f] claimed by PIIX4 ACPI
[    0.170805] pci 0000:00:07.0: quirk: [io  0x4100-0x410f] claimed by PIIX4 SMB
[    0.191452] ACPI: PCI Interrupt Link [LNKA] (IRQs 5 9 10 *11)
[    0.192523] ACPI: PCI Interrupt Link [LNKB] (IRQs 5 9 *10 11)
[    0.196226] ACPI: PCI Interrupt Link [LNKC] (IRQs 5 *9 10 11)
[    0.198986] ACPI: PCI Interrupt Link [LNKD] (IRQs 5 9 10 *11)
[    0.201933] SCSI subsystem initialized
[    0.204102] pci 0000:00:02.0: vgaarb: setting as boot VGA device
[    0.206341] pci 0000:00:02.0: vgaarb: VGA device added: decodes=io+mem,owns=io+mem,locks=none
[    0.208027] pci 0000:00:02.0: vgaarb: bridge control possible
[    0.212008] vgaarb: loaded
[    0.213731] ACPI: bus type USB registered
[    0.216050] usbcore: registered new interface driver usbfs
[    0.218072] usbcore: registered new interface driver hub
[    0.220043] usbcore: registered new device driver usb
[    0.222056] EDAC MC: Ver: 3.0.0
[    0.224583] PCI: Using ACPI for IRQ routing
[    0.228618] NetLabel: Initializing
[    0.229961] NetLabel:  domain hash size = 128
[    0.232004] NetLabel:  protocols = UNLABELED CIPSOv4 CALIPSO
[    0.234223] NetLabel:  unlabeled traffic allowed by default
[    0.236127] clocksource: Switched to clocksource kvm-clock
[    0.259572] VFS: Disk quotas dquot_6.6.0
[    0.261252] VFS: Dquot-cache hash table entries: 512 (order 0, 4096 bytes)
[    0.264094] AppArmor: AppArmor Filesystem Enabled
[    0.265798] pnp: PnP ACPI init
[    0.269117] pnp: PnP ACPI: found 3 devices
[    0.285509] clocksource: acpi_pm: mask: 0xffffff max_cycles: 0xffffff, max_idle_ns: 2085701024 ns
[    0.289234] NET: Registered protocol family 2
[    0.293654] TCP established hash table entries: 8192 (order: 4, 65536 bytes)
[    0.296558] TCP bind hash table entries: 8192 (order: 5, 131072 bytes)
[    0.297850] TCP: Hash tables configured (established 8192 bind 8192)
[    0.299141] UDP hash table entries: 512 (order: 2, 16384 bytes)
[    0.300344] UDP-Lite hash table entries: 512 (order: 2, 16384 bytes)
[    0.301741] NET: Registered protocol family 1
[    0.302690] pci 0000:00:00.0: Limiting direct PCI/PCI transfers
[    0.304207] pci 0000:00:01.0: Activating ISA DMA hang workarounds
[    0.305881] pci 0000:00:02.0: Video device with shadowed ROM at [mem 0x000c0000-0x000dffff]
[    0.309881] Unpacking initramfs...
[    0.607284] Freeing initrd memory: 18984K
[    0.608647] clocksource: tsc: mask: 0xffffffffffffffff max_cycles: 0x257a3a7b45f, max_idle_ns: 440795312762 ns
[    0.611041] platform rtc_cmos: registered platform RTC device (no PNP device found)
[    0.612618] Scanning for low memory corruption every 60 seconds
[    0.614612] Initialise system trusted keyrings
[    0.615536] Key type blacklist registered
[    0.616542] workingset: timestamp_bits=36 max_order=18 bucket_order=0
[    0.618682] zbud: loaded
[    0.619770] squashfs: version 4.0 (2009/01/31) Phillip Lougher
[    0.621329] fuse init (API version 7.26)
[    0.625766] Key type asymmetric registered
[    0.626729] Asymmetric key parser 'x509' registered
[    0.627740] Block layer SCSI generic (bsg) driver version 0.4 loaded (major 246)
[    0.629394] io scheduler noop registered
[    0.630224] io scheduler deadline registered
[    0.631390] io scheduler cfq registered (default)
[    0.633049] ACPI: AC Adapter [AC] (on-line)
[    0.634349] input: Power Button as /devices/LNXSYSTM:00/LNXPWRBN:00/input/input0
[    0.636863] ACPI: Power Button [PWRF]
[    0.637713] input: Sleep Button as /devices/LNXSYSTM:00/LNXSLPBN:00/input/input1
[    0.639208] ACPI: Sleep Button [SLPF]
[    0.641569] ACPI: Battery Slot [BAT0] (battery present)
[    0.642816] Serial: 8250/16550 driver, 32 ports, IRQ sharing enabled
[    0.665378] 00:02: ttyS0 at I/O 0x3f8 (irq = 4, base_baud = 115200) is a 16550A
[    0.671886] Linux agpgart interface v0.103
[    0.674770] loop: module loaded
[    0.676593] scsi host0: ata_piix
[    0.677738] scsi host1: ata_piix
[    0.678597] ata1: PATA max UDMA/33 cmd 0x1f0 ctl 0x3f6 bmdma 0xd000 irq 14
[    0.680396] ata2: PATA max UDMA/33 cmd 0x170 ctl 0x376 bmdma 0xd008 irq 15
[    0.682665] libphy: Fixed MDIO Bus: probed
[    0.683804] tun: Universal TUN/TAP device driver, 1.6
[    0.685015] PPP generic driver version 2.4.2
[    0.686029] ehci_hcd: USB 2.0 'Enhanced' Host Controller (EHCI) Driver
[    0.687308] ehci-pci: EHCI PCI platform driver
[    0.688269] ehci-platform: EHCI generic platform driver
[    0.689462] ohci_hcd: USB 1.1 'Open' Host Controller (OHCI) Driver
[    0.690673] ohci-pci: OHCI PCI platform driver
[    0.691977] ohci-platform: OHCI generic platform driver
[    0.693073] uhci_hcd: USB Universal Host Controller Interface driver
[    0.694365] i8042: PNP: PS/2 Controller [PNP0303:PS2K,PNP0f03:PS2M] at 0x60,0x64 irq 1,12
[    0.696470] serio: i8042 KBD port at 0x60,0x64 irq 1
[    0.697488] serio: i8042 AUX port at 0x60,0x64 irq 12
[    0.698743] mousedev: PS/2 mouse device common for all mice
[    0.700549] rtc_cmos rtc_cmos: rtc core: registered rtc_cmos as rtc0
[    0.701892] rtc_cmos rtc_cmos: alarms up to one day, 114 bytes nvram
[    0.703232] input: AT Translated Set 2 keyboard as /devices/platform/i8042/serio0/input/input2
[    0.704242] i2c /dev entries driver
[    0.704252] pcie_mp2_amd: AMD(R) PCI-E MP2 Communication Driver Version: 1.0
[    0.704345] device-mapper: uevent: version 1.0.3
[    0.704413] device-mapper: ioctl: 4.37.0-ioctl (2017-09-20) initialised: dm-devel@redhat.com
[    0.718387] ledtrig-cpu: registered to indicate activity on CPUs
[    0.720870] NET: Registered protocol family 10
[    0.727342] Segment Routing with IPv6
[    0.728668] NET: Registered protocol family 17
[    0.730209] Key type dns_resolver registered
[    0.731890] RAS: Correctable Errors collector initialized.
[    0.733846] sched_clock: Marking stable (733811502, 0)->(1062312103, -328500601)
[    0.736882] registered taskstats version 1
[    0.737780] Loading compiled-in X.509 certificates
[    0.741802] Loaded X.509 cert 'Build time autogenerated kernel key: 0d5cb4b7de8533fd8e7240d711ae9d354ea3dca1'
[    0.743874] zswap: loaded using pool lzo/zbud
[    0.749966] Key type big_key registered
[    0.750840] Key type trusted registered
[    0.754574] Key type encrypted registered
[    0.755909] AppArmor: AppArmor sha1 policy hashing enabled
[    0.758285] ima: No TPM chip found, activating TPM-bypass! (rc=-19)
[    0.760439] ima: Allocated hash algorithm: sha1
[    0.763485] evm: HMAC attrs: 0x1
[    0.765838]   Magic number: 8:684:859
[    0.766749] rtc_cmos rtc_cmos: setting system clock to 2020-02-05 00:51:05 UTC (1580863865)
[    0.768766] BIOS EDD facility v0.16 2004-Jun-25, 0 devices found
[    0.770161] EDD information not available.
[    0.844123] Freeing unused kernel image memory: 2412K
[    0.856372] Write protecting the kernel read-only data: 20480k
[    0.858784] Freeing unused kernel image memory: 2008K
[    0.860775] Freeing unused kernel image memory: 1868K
[    0.868783] x86/mm: Checked W+X mappings: passed, no W+X pages found.
[    0.870312] x86/mm: Checking user space page tables
[    0.877006] x86/mm: Checked W+X mappings: passed, no W+X pages found.
Loading, please wait...
starting version 237
[    0.947579] e1000: Intel(R) PRO/1000 Network Driver - version 7.3.21-k8-NAPI
[    0.949699] e1000: Copyright (c) 1999-2006 Intel Corporation.
[    0.953669] Fusion MPT base driver 3.04.20
[    0.954893] Copyright (c) 1999-2008 LSI Corporation
[    0.982348] AVX2 version of gcm_enc/dec engaged.
[    0.983848] AES CTR mode by8 optimization enabled
[    1.001487] Fusion MPT SPI Host driver 3.04.20
[    1.177343] input: ImExPS/2 Generic Explorer Mouse as /devices/platform/i8042/serio1/input/input4
[    1.386153] e1000 0000:00:03.0 eth0: (PCI:33MHz:32-bit) 02:74:f0:c0:9d:60
[    1.388965] e1000 0000:00:03.0 eth0: Intel(R) PRO/1000 Network Connection
[    1.820049] e1000 0000:00:08.0 eth1: (PCI:33MHz:32-bit) 08:00:27:38:79:a2
[    1.821491] e1000 0000:00:08.0 eth1: Intel(R) PRO/1000 Network Connection
[    1.824159] e1000 0000:00:03.0 enp0s3: renamed from eth0
[    1.824949] mptbase: ioc0: Initiating bringup
[    1.840314] e1000 0000:00:08.0 enp0s8: renamed from eth1
[    1.928490] ioc0: LSI53C1030 A0: Capabilities={Initiator}
[    2.331858] scsi host2: ioc0: LSI53C1030 A0, FwRev=00000000h, Ports=1, MaxQ=256, IRQ=20
[    2.617521] scsi 2:0:0:0: Direct-Access     VBOX     HARDDISK         1.0  PQ: 0 ANSI: 5
[    2.656121] scsi target2:0:0: Beginning Domain Validation
[    2.662136] scsi target2:0:0: Domain Validation skipping write tests
[    2.664507] scsi target2:0:0: Ending Domain Validation
[    2.666435] scsi target2:0:0: asynchronous
[    2.668544] scsi 2:0:1:0: Direct-Access     VBOX     HARDDISK         1.0  PQ: 0 ANSI: 5
[    2.700304] scsi target2:0:1: Beginning Domain Validation
[    2.704457] random: fast init done
[    2.705909] scsi target2:0:1: Domain Validation skipping write tests
[    2.707634] scsi target2:0:1: Ending Domain Validation
[    2.709468] scsi target2:0:1: asynchronous
[    2.717072] random: systemd-udevd: uninitialized urandom read (16 bytes read)
[    2.719011] random: systemd-udevd: uninitialized urandom read (16 bytes read)
[    2.720569] random: systemd-udevd: uninitialized urandom read (16 bytes read)
[    2.722418] sd 2:0:0:0: Attached scsi generic sg0 type 0
[    2.723966] sd 2:0:0:0: [sda] 20971520 512-byte logical blocks: (10.7 GB/10.0 GiB)
[    2.725669] sd 2:0:0:0: [sda] Write Protect is off
[    2.726937] sd 2:0:0:0: [sda] Incomplete mode parameter data
[    2.728065] sd 2:0:0:0: [sda] Assuming drive cache: write through
[    2.731105] sd 2:0:1:0: Attached scsi generic sg1 type 0
[    2.732352] sd 2:0:1:0: [sdb] 20480 512-byte logical blocks: (10.5 MB/10.0 MiB)
[    2.734741] sd 2:0:1:0: [sdb] Write Protect is off
[    2.735954] sd 2:0:1:0: [sdb] Incomplete mode parameter data
[    2.737495] sd 2:0:1:0: [sdb] Assuming drive cache: write through
[    2.740066]  sda: sda1
[    2.742084] sd 2:0:0:0: [sda] Attached SCSI disk
[    2.743995] sd 2:0:1:0: [sdb] Attached SCSI disk
Begin: Loading essential drivers ... [    4.248212] raid6: sse2x1   gen() 10134 MB/s
[    4.296050] raid6: sse2x1   xor()  7118 MB/s
[    4.344554] raid6: sse2x2   gen() 12196 MB/s
[    4.392247] raid6: sse2x2   xor()  7717 MB/s
[    4.440017] raid6: sse2x4   gen() 14174 MB/s
[    4.488341] raid6: sse2x4   xor()  8812 MB/s
[    4.536241] raid6: avx2x1   gen() 19997 MB/s
[    4.584328] raid6: avx2x1   xor() 13464 MB/s
[    4.632300] raid6: avx2x2   gen() 23201 MB/s
[    4.680012] raid6: avx2x2   xor() 13944 MB/s
[    4.728111] raid6: avx2x4   gen() 26233 MB/s
[    4.776241] raid6: avx2x4   xor() 16791 MB/s
[    4.777146] raid6: using algorithm avx2x4 gen() 26233 MB/s
[    4.778233] raid6: .... xor() 16791 MB/s, rmw enabled
[    4.779245] raid6: using avx2x2 recovery algorithm
[    4.781705] xor: automatically using best checksumming function   avx       
[    4.784776] async_tx: api initialized (async)
done.
Begin: Running /scripts/init-premount ... done.
Begin: Mounting root file system ... Begin: Running /scripts/local-top ... done.
Begin: Running /scripts/local-premount ... [    4.869804] Btrfs loaded, crc32c=crc32c-intel
Scanning for Btrfs filesystems
done.
Warning: fsck not present, so skipping root file system
[    4.920595] EXT4-fs (sda1): mounted filesystem with ordered data mode. Opts: (null)
done.
Begin: Running /scripts/local-bottom ... done.
Begin: Running /scripts/init-bottom ... done.
[    5.137187] ip_tables: (C) 2000-2006 Netfilter Core Team
[    5.149679] systemd[1]: systemd 237 running in system mode. (+PAM +AUDIT +SELINUX +IMA +APPARMOR +SMACK +SYSVINIT +UTMP +LIBCRYPTSETUP +GCRYPT +GNUTLS +ACL +XZ +LZ4 +SECCOMP +BLKID +ELFUTILS +KMOD -IDN2 +IDN -PCRE2 default-hierarchy=hybrid)
[    5.153962] systemd[1]: Detected virtualization oracle.
[    5.154998] systemd[1]: Detected architecture x86-64.

Welcome to [1mUbuntu 18.04.2 LTS[0m!

[    5.161608] systemd[1]: Set hostname to <ubuntu>.
[    5.167586] systemd[1]: Initializing machine ID from random generator.
[    5.169185] systemd[1]: Installed transient /etc/machine-id file.
[    5.463649] systemd[1]: Reached target User and Group Name Lookups.
[[0;32m  OK  [0m] Reached target User and Group Name Lookups.
[    5.467643] systemd[1]: Created slice System Slice.
[[0;32m  OK  [0m] Created slice System Slice.
[    5.469607] systemd[1]: Listening on LVM2 metadata daemon socket.
[[0;32m  OK  [0m] Listening on LVM2 metadata daemon socket.
[    5.472046] systemd[1]: Created slice system-serial\x2dgetty.slice.
[[0;32m  OK  [0m] Created slice system-serial\x2dgetty.slice.
[[0;32m  OK  [0m] Listening on udev Kernel Socket.
[[0;32m  OK  [0m] Listening on /dev/initctl Compatibility Named Pipe.
[[0;32m  OK  [0m] Listening on Network Service Netlink Socket.
[[0;32m  OK  [0m] Listening on Journal Socket (/dev/log).
[[0;32m  OK  [0m] Listening on Syslog Socket.
[[0;32m  OK  [0m] Listening on Journal Socket.
         Starting Remount Root and Kernel File Systems...
         Starting Uncomplicated firewall...
         Mounting Huge Pages File System...
         Starting Load Kernel Modules...
         Starting Create list of required stâ€¦ce nodes for the current kernel...
         Mounting Kernel Debug File System...
[[0;32m  OK  [0m] Reached target Swap.
[[0;32m  OK  [0m] Listening on udev Control Socket.
         Starting udev Coldplug all Devices...
[[0;32m  OK  [0m] Listening on Device-mapper event daemon FIFOs.
         Starting Monitoring of LVM2 mirrorsâ€¦ng dmeventd or progress polling...
[[0;32m  OK  [0m] Reached target System Time Synchronized.
[[0;32m  OK  [0m] Created slice User and Session Slice.
[[0;32m  OK  [0m] Listening on Journal Audit Socket.
         Starting Journal Service...
         Starting Set the console keyboard layout...
[[0;32m  OK  [0m] Set up automount Arbitrary Executabâ€¦rmats File System Automount Point.
[[0;32m  OK  [0m] Listening on LVM2 poll daemon socket.
[[0;32m  OK  [0m] Reached target Slices.
[    5.616118] Loading iSCSI transport class v2.0-870.
         Mounting POSIX Message Queue File System...
[[0;32m  OK  [0m] Started Forward Password Requests to Wall Directory Watch.
[[0;32m  OK  [0m] Started Journal Service.
[    5.627053] iscsi: registered transport (tcp)
[[0;32m  OK  [0m] Started Uncomplicated firewall.
[[0;32m  OK  [0m] Started Create list of required staâ€¦vice nodes for the current kernel.
         Starting Create Static Device Nodes in /dev...
[    5.677199] iscsi: registered transport (iser)
[[0;32m  OK  [0m] Started udev Coldplug all Devices.
[[0;32m  OK  [0m] Started Load Kernel Modules.
         Mounting Kernel Configuration File System...
         Mounting FUSE Control File System...
         Starting Apply Kernel Variables...
[[0;32m  OK  [0m] Started Create Static Device Nodes in /dev.
[[0;32m  OK  [0m] Started Apply Kernel Variables.
[[0;32m  OK  [0m] Mounted Huge Pages File System.
[[0;32m  OK  [0m] Mounted Kernel Debug File System.
[[0;32m  OK  [0m] Mounted POSIX Message Queue File System.
[[0;32m  OK  [0m] Mounted Kernel Configuration File System.
[[0;32m  OK  [0m] Mounted FUSE Control File System.
[[0;32m  OK  [0m] Started Remount Root and Kernel File Systems.
         Starting Flush Journal to Persistent Storage...
         Starting udev Kernel Device Manager...
         Starting Load/Save Random Seed...
[[0;32m  OK  [0m] Started LVM2 metadata daemon.
[[0;32m  OK  [0m] Started Load/Save Random Seed.
[[0;32m  OK  [0m] Started udev Kernel Device Manager.
[[0;32m  OK  [0m] Started Monitoring of LVM2 mirrors,â€¦sing dmeventd or progress polling.
[[0;32m  OK  [0m] Started Set the console keyboard layout.
[[0;32m  OK  [0m] Reached target Local File Systems (Pre).
[[0;32m  OK  [0m] Reached target Local File Systems.
         Starting Commit a transient machine-id on disk...
         Starting ebtables ruleset management...
         Starting Set console font and keymap...
         Starting Tell Plymouth To Write Out Runtime Data...
         Starting AppArmor initialization...
[[0;32m  OK  [0m] Started Dispatch Password Requests to Console Directory Watch.
[[0;32m  OK  [0m] Reached target Local Encrypted Volumes.
[[0;32m  OK  [0m] Started Flush Journal to Persistent Storage.
         Starting Create Volatile Files and Directories...
[[0;32m  OK  [0m] Started Set console font and keymap.
[[0;32m  OK  [0m] Started Tell Plymouth To Write Out Runtime Data.
[[0;32m  OK  [0m] Started Commit a transient machine-id on disk.
[[0;32m  OK  [0m] Started Create Volatile Files and Directories.
         Starting Update UTMP about System Boot/Shutdown...
[[0;32m  OK  [0m] Started Update UTMP about System Boot/Shutdown.
[[0;32m  OK  [0m] Started ebtables ruleset management.
[[0;32m  OK  [0m] Found device /dev/ttyS0.
[[0;32m  OK  [0m] Listening on Load/Save RF Kill Switch Status /dev/rfkill Watch.
[[0;32m  OK  [0m] Started AppArmor initialization.
         Starting Initial cloud-init job (pre-networking)...
[    8.308503] cloud-init[542]: Cloud-init v. 18.5-45-g3554ffe8-0ubuntu1~18.04.1 running 'init-local' at Wed, 05 Feb 2020 00:51:12 +0000. Up 7.96 seconds.
[[0;32m  OK  [0m] Started Initial cloud-init job (pre-networking).
[[0;32m  OK  [0m] Reached target Network (Pre).
         Starting Network Service...
[[0;32m  OK  [0m] Started Network Service.
         Starting Network Name Resolution...
         Starting Wait for Network to be Configured...
[[0;32m  OK  [0m] Started Network Name Resolution.
[[0;32m  OK  [0m] Reached target Host and Network Name Lookups.
[[0;32m  OK  [0m] Reached target Network.
[[0;32m  OK  [0m] Started Wait for Network to be Configured.
         Starting Initial cloud-init job (metadata service crawler)...
[   10.171848] cloud-init[652]: Cloud-init v. 18.5-45-g3554ffe8-0ubuntu1~18.04.1 running 'init' at Wed, 05 Feb 2020 00:51:14 +0000. Up 10.03 seconds.
[   10.175499] cloud-init[652]: ci-info: ++++++++++++++++++++++++++++++++++++++Net device info+++++++++++++++++++++++++++++++++++++++
[   10.178406] cloud-init[652]: ci-info: +--------+-------+----------------------------+---------------+--------+-------------------+
[   10.180929] cloud-init[652]: ci-info: | Device |   Up  |          Address           |      Mask     | Scope  |     Hw-Address    |
[   10.183158] cloud-init[652]: ci-info: +--------+-------+----------------------------+---------------+--------+-------------------+
[   10.187600] cloud-init[652]: ci-info: | enp0s3 |  True |         10.0.2.15          | 255.255.255.0 | global | 02:74:f0:c0:9d:60 |
[   10.190471] cloud-init[652]: ci-info: | enp0s3 |  True | fe80::74:f0ff:fec0:9d60/64 |       .       |  link  | 02:74:f0:c0:9d:60 |
[   10.193748] cloud-init[652]: ci-info: | enp0s8 | False |             .              |       .       |   .    | 08:00:27:38:79:a2 |
[   10.196262] cloud-init[652]: ci-info: |   lo   |  True |         127.0.0.1          |   255.0.0.0   |  host  |         .         |
[   10.208584] cloud-init[652]: ci-info: |   lo   |  True |          ::1/128           |       .       |  host  |         .         |
[   10.220610] cloud-init[652]: ci-info: +--------+-------+----------------------------+---------------+--------+-------------------+
[   10.232377] cloud-init[652]: ci-info: ++++++++++++++++++++++++++++Route IPv4 info+++++++++++++++++++++++++++++
[   10.244729] cloud-init[652]: ci-info: +-------+-------------+----------+-----------------+-----------+-------+
[   10.246803] cloud-init[652]: ci-info: | Route | Destination | Gateway  |     Genmask     | Interface | Flags |
[   10.249732] cloud-init[652]: ci-info: +-------+-------------+----------+-----------------+-----------+-------+
[   10.251690] cloud-init[652]: ci-info: |   0   |   0.0.0.0   | 10.0.2.2 |     0.0.0.0     |   enp0s3  |   UG  |
[   10.254090] cloud-init[652]: ci-info: |   1   |   10.0.2.0  | 0.0.0.0  |  255.255.255.0  |   enp0s3  |   U   |
[   10.255922] cloud-init[652]: ci-info: |   2   |   10.0.2.2  | 0.0.0.0  | 255.255.255.255 |   enp0s3  |   UH  |
[   10.268705] cloud-init[652]: ci-info: +-------+-------------+----------+-----------------+-----------+-------+
[   10.280484] cloud-init[652]: ci-info: +++++++++++++++++++Route IPv6 info+++++++++++++++++++
[   10.282005] cloud-init[652]: ci-info: +-------+-------------+---------+-----------+-------+
[   10.283422] cloud-init[652]: ci-info: | Route | Destination | Gateway | Interface | Flags |
[   10.284848] cloud-init[652]: ci-info: +-------+-------------+---------+-----------+-------+
[   10.286219] cloud-init[652]: ci-info: |   1   |  fe80::/64  |    ::   |   enp0s3  |   U   |
[   10.287566] cloud-init[652]: ci-info: |   3   |    local    |    ::   |   enp0s3  |   U   |
[   10.288968] cloud-init[652]: ci-info: |   4   |   ff00::/8  |    ::   |   enp0s3  |   U   |
[   10.290336] cloud-init[652]: ci-info: +-------+-------------+---------+-----------+-------+
[   10.988891] cloud-init[652]: Generating public/private rsa key pair.
[   10.990043] cloud-init[652]: Your identification has been saved in /etc/ssh/ssh_host_rsa_key.
[   10.991403] cloud-init[652]: Your public key has been saved in /etc/ssh/ssh_host_rsa_key.pub.
[   10.993329] cloud-init[652]: The key fingerprint is:
[   10.994585] cloud-init[652]: SHA256:5lbVV74YU/J0OuNgMG1CvscWiPA9OJHDETFD/N95Vnw root@ubuntu-bionic
[   10.996386] cloud-init[652]: The key's randomart image is:
[   10.997613] cloud-init[652]: +---[RSA 2048]----+
[   10.998641] cloud-init[652]: |      .+O*+. . oo|
[   10.999561] cloud-init[652]: |       o=O.+o.=oo|
[   11.000599] cloud-init[652]: |        =o=o=o=oo|
[   11.001567] cloud-init[652]: |         ..* +++E|
[   11.002685] cloud-init[652]: |        S o.+o.oo|
[   11.003669] cloud-init[652]: |       o . o. o o|
[   11.004726] cloud-init[652]: |        o      o |
[   11.005750] cloud-init[652]: |       .         |
[   11.006786] cloud-init[652]: |                 |
[   11.007789] cloud-init[652]: +----[SHA256]-----+
[   11.008671] cloud-init[652]: Generating public/private dsa key pair.
[   11.010106] cloud-init[652]: Your identification has been saved in /etc/ssh/ssh_host_dsa_key.
[   11.011838] cloud-init[652]: Your public key has been saved in /etc/ssh/ssh_host_dsa_key.pub.
[   11.013834] cloud-init[652]: The key fingerprint is:
[   11.014948] cloud-init[652]: SHA256:EgAZbmPmDEawdN+4pzKskkI8jfihJgvguY7L+QTyHIk root@ubuntu-bionic
[   11.016836] cloud-init[652]: The key's randomart image is:
[   11.018096] cloud-init[652]: +---[DSA 1024]----+
[   11.019221] cloud-init[652]: |ooo=.            |
[   11.020271] cloud-init[652]: |ooo ..o          |
[   11.021254] cloud-init[652]: |o.*  o..         |
[   11.022361] cloud-init[652]: |.O o  ..         |
[   11.023472] cloud-init[652]: |E.B  ...S        |
[   11.024549] cloud-init[652]: |=B=o  o.         |
[   11.025670] cloud-init[652]: |o*+* .           |
[   11.026687] cloud-init[652]: |X.* o            |
[   11.027737] cloud-init[652]: |XO..             |
[   11.028803] cloud-init[652]: +----[SHA256]-----+
[   11.029654] cloud-init[652]: Generating public/private ecdsa key pair.
[   11.031031] cloud-init[652]: Your identification has been saved in /etc/ssh/ssh_host_ecdsa_key.
[   11.032902] cloud-init[652]: Your public key has been saved in /etc/ssh/ssh_host_ecdsa_key.pub.
[   11.034749] cloud-init[652]: The key fingerprint is:
[   11.035804] cloud-init[652]: SHA256:ClPH5bj2oAjqJOnnZbFuYhKyx3EGJ+tOHrIlbkooTXQ root@ubuntu-bionic
[   11.037715] cloud-init[652]: The key's randomart image is:
[   11.038869] cloud-init[652]: +---[ECDSA 256]---+
[   11.039914] cloud-init[652]: |          .      |
[   11.040845] cloud-init[652]: |       . +       |
[   11.041624] cloud-init[652]: |  . E . + .      |
[   11.042360] cloud-init[652]: | .o... . .       |
[   11.043265] cloud-init[652]: |  o=o.  S        |
[   11.044031] cloud-init[652]: |o*o.o+o+ o       |
[   11.044846] cloud-init[652]: |X**+.+o   .      |
[   11.045619] cloud-init[652]: |XX+=+.           |
[   11.046637] cloud-init[652]: |=*B.o.           |
[   11.047713] cloud-init[652]: +----[SHA256]-----+
[   11.048768] cloud-init[652]: Generating public/private ed25519 key pair.
[   11.050248] cloud-init[652]: Your identification has been saved in /etc/ssh/ssh_host_ed25519_key.
[   11.052209] cloud-init[652]: Your public key has been saved in /etc/ssh/ssh_host_ed25519_key.pub.
[   11.053872] cloud-init[652]: The key fingerprint is:
[   11.054934] cloud-init[652]: SHA256:H6c13Jyn+UIv8aW8JxDRBpsoim9SaJQKPZkC4o+0e60 root@ubuntu-bionic
[   11.056813] cloud-init[652]: The key's randomart image is:
[   11.058194] cloud-init[652]: +--[ED25519 256]--+
[   11.059201] cloud-init[652]: |o           .o   |
[   11.060126] cloud-init[652]: |+. o .     ..oo  |
[   11.061234] cloud-init[652]: |oo= o   . . oo   |
[   11.062264] cloud-init[652]: |.o++ o . . ..o . |
[   11.063210] cloud-init[652]: | o..+ o S . =.+ .|
[   11.064020] cloud-init[652]: |  ...o   . =..o+.|
[   11.064827] cloud-init[652]: | . ...o   o  +o=.|
[   11.065590] cloud-init[652]: |  . .o        *.+|
[   11.066514] cloud-init[652]: |   E          .*.|
[   11.067306] cloud-init[652]: +----[SHA256]-----+
[[0;32m  OK  [0m] Started Initial cloud-init job (metadata service crawler).
[[0;32m  OK  [0m] Reached target System Initialization.
[[0;32m  OK  [0m] Started ACPI Events Check.
[[0;32m  OK  [0m] Started Discard unused blocks once a week.
[[0;32m  OK  [0m] Listening on UUID daemon activation socket.
[[0;32m  OK  [0m] Listening on ACPID Listen Socket.
         Starting LXD - unix socket.
[[0;32m  OK  [0m] Started Daily apt download activities.
[[0;32m  OK  [0m] Started Message of the Day.
[[0;32m  OK  [0m] Listening on Open-iSCSI iscsid Socket.
[[0;32m  OK  [0m] Started Daily Cleanup of Temporary Directories.
[[0;32m  OK  [0m] Listening on D-Bus System Message Bus Socket.
[[0;32m  OK  [0m] Reached target Paths.
         Starting Socket activation for snappy daemon.
[[0;32m  OK  [0m] Started Daily apt upgrade and clean activities.
[[0;32m  OK  [0m] Reached target Timers.
[[0;32m  OK  [0m] Reached target Cloud-config availability.
[[0;32m  OK  [0m] Reached target Network is Online.
         Starting Availability of block devices...
[[0;32m  OK  [0m] Reached target Remote File Systems (Pre).
[[0;32m  OK  [0m] Reached target Remote File Systems.
[[0;32m  OK  [0m] Listening on LXD - unix socket.
[[0;32m  OK  [0m] Listening on Socket activation for snappy daemon.
[[0;32m  OK  [0m] Reached target Sockets.
[[0;32m  OK  [0m] Reached target Basic System.
         Starting Permit User Sessions...
         Starting System Logging Service...
[[0;32m  OK  [0m] Started FUSE filesystem for LXC.
         Starting LSB: Record successful boot for GRUB...
         Starting Virtualbox guest utils...
         Starting Dispatcher daemon for systemd-networkd...
         Starting Pollinate to seed the pseudo random number generator...
[[0;32m  OK  [0m] Started Deferred execution scheduler.
         Starting Login Service...
         Starting Snappy daemon...
         Starting LSB: automatic crash report generation...
[[0;32m  OK  [0m] Started D-Bus System Message Bus.
[[0;32m  OK  [0m] Started Login Service.
[[0;32m  OK  [0m] Started Unattended Upgrades Shutdown.
         Starting Accounts Service...
[[0;32m  OK  [0m] Started Regular background program processing daemon.
[[0;32m  OK  [0m] Started irqbalance daemon.
         Starting LXD - container startup/shutdown...
[[0;32m  OK  [0m] Started System Logging Service.
[[0;32m  OK  [0m] Started Availability of block devices.
[[0;32m  OK  [0m] Started Permit User Sessions.
         Starting Hold until boot process finishes up...
         Starting Terminate Plymouth Boot Screen...
[[0;32m  OK  [0m] Started Hold until boot process finishes up.
[[0;32m  OK  [0m] Started Terminate Plymouth Boot Screen.
         Starting Authorization Manager...
[[0;32m  OK  [0m] Started Serial Getty on ttyS0.
         Starting Set console scheme...
[[0;32m  OK  [0m] Started Set console scheme.
[[0;32m  OK  [0m] Created slice system-getty.slice.
[[0;32m  OK  [0m] Started Getty on tty1.
[[0;32m  OK  [0m] Reached target Login Prompts.
[[0;32m  OK  [0m] Started LSB: automatic crash report generation.
[[0;32m  OK  [0m] Started LSB: Record successful boot for GRUB.
[[0;32m  OK  [0m] Started Authorization Manager.
[[0;32m  OK  [0m] Started Accounts Service.
[[0;32m  OK  [0m] Started Virtualbox guest utils.
[[0;32m  OK  [0m] Started LXD - container startup/shutdown.
[[0;32m  OK  [0m] Started Dispatcher daemon for systemd-networkd.
[[0;32m  OK  [0m] Started Snappy daemon.
         Starting Wait until snapd is fully seeded...
[[0;32m  OK  [0m] Started Pollinate to seed the pseudo random number generator.
         Starting OpenBSD Secure Shell server...
[[0;32m  OK  [0m] Started OpenBSD Secure Shell server.
[[0;32m  OK  [0m] Created slice User Slice of vagrant.
         Starting User Manager for UID 1000...
[[0;32m  OK  [0m] Started Session 1 of user vagrant.
[[0;32m  OK  [0m] Started User Manager for UID 1000.
[[0;32m  OK  [0m] Started Wait until snapd is fully seeded.
         Starting Apply the settings specified in cloud-config...
[[0;32m  OK  [0m] Reached target Multi-User System.
[[0;32m  OK  [0m] Reached target Graphical Interface.
         Starting Update UTMP about System Runlevel Changes...
[[0;32m  OK  [0m] Started Update UTMP about System Runlevel Changes.
[   16.516218] cloud-init[1198]: Cloud-init v. 18.5-45-g3554ffe8-0ubuntu1~18.04.1 running 'modules:config' at Wed, 05 Feb 2020 00:51:20 +0000. Up 15.89 seconds.

Ubuntu 18.04.2 LTS ubuntu-bionic ttyS0

ubuntu-bionic login: ci-info: no authorized ssh keys fingerprints found for user ubuntu.
<14>Feb  5 00:51:22 ec2: 
<14>Feb  5 00:51:22 ec2: #############################################################
<14>Feb  5 00:51:22 ec2: -----BEGIN SSH HOST KEY FINGERPRINTS-----
<14>Feb  5 00:51:22 ec2: 1024 SHA256:EgAZbmPmDEawdN+4pzKskkI8jfihJgvguY7L+QTyHIk root@ubuntu-bionic (DSA)
<14>Feb  5 00:51:22 ec2: 256 SHA256:ClPH5bj2oAjqJOnnZbFuYhKyx3EGJ+tOHrIlbkooTXQ root@ubuntu-bionic (ECDSA)
<14>Feb  5 00:51:22 ec2: 256 SHA256:H6c13Jyn+UIv8aW8JxDRBpsoim9SaJQKPZkC4o+0e60 root@ubuntu-bionic (ED25519)
<14>Feb  5 00:51:22 ec2: 2048 SHA256:5lbVV74YU/J0OuNgMG1CvscWiPA9OJHDETFD/N95Vnw root@ubuntu-bionic (RSA)
<14>Feb  5 00:51:22 ec2: -----END SSH HOST KEY FINGERPRINTS-----
<14>Feb  5 00:51:22 ec2: #############################################################
-----BEGIN SSH HOST KEY KEYS-----
ecdsa-sha2-nistp256 AAAAE2VjZHNhLXNoYTItbmlzdHAyNTYAAAAIbmlzdHAyNTYAAABBBJgfysuviKJr67B7mt8pVghHw+HDOtDVMBG7E/3QZZTipYz0kNTxCOqVqSwYkLRA6fCgwaneAUBep0YBRWFB2Pc= root@ubuntu-bionic
ssh-ed25519 AAAAC3NzaC1lZDI1NTE5AAAAIEtnpHSSXDqIZfJZvk/ATM6/8PiOWvzsHVTgqRh3BKOC root@ubuntu-bionic
ssh-rsa AAAAB3NzaC1yc2EAAAADAQABAAABAQCpnP4q7B9IBFmDEvpPEpD4mHS1fH9tlTIRaL73zwqSlQdVr5dCsyT76ZNFTpI0op2YE8GtO6juJ5u9UURRIXYxq9XTX2Qr29J3R14OzJ0uelVDTxjbp9SXAUWYWB/+ogMRjC0QYgEPxVZeWV1QZR0Khm4kM5XpTo4GjZQJx8qLTrxoJdCf2du26vSm4j0ie5NuuyHwIzbRsQQdtNTS3AzsC4nSd3kcBwQBFQhco5UHnE1GgkzgRFgmr6HWaTr8a0p5MBJUkbT68PmOygOfYS2eyNF+rBQmXSHvrayiOq2pnCRA3Q2yMuAiS8cGb1S6Uvl4J9TwFmAhlr1H746NVbz7 root@ubuntu-bionic
-----END SSH HOST KEY KEYS-----
[   17.859404] cloud-init[1401]: Cloud-init v. 18.5-45-g3554ffe8-0ubuntu1~18.04.1 running 'modules:final' at Wed, 05 Feb 2020 00:51:22 +0000. Up 17.61 seconds.
[   17.859545] cloud-init[1401]: ci-info: no authorized ssh keys fingerprints found for user ubuntu.
[   17.864185] cloud-init[1401]: Cloud-init v. 18.5-45-g3554ffe8-0ubuntu1~18.04.1 finished at Wed, 05 Feb 2020 00:51:22 +0000. Datasource DataSourceNoCloud [seed=/dev/sdb][dsmode=net].  Up 17.82 seconds
